PASS  Image asset served: hero.webp  [HTTP 200]
PASS  Image asset served: map.webp  [HTTP 200]
PASS  Image asset served: chamber_signal.webp  [HTTP 200]
PASS  Image asset served: chamber_forge.webp  [HTTP 200]
PASS  Image asset served: chamber_perspective.webp  [HTTP 200]
PASS  Image asset served: chamber_causal.webp  [HTTP 200]
PASS  Image asset served: chamber_vault.webp  [HTTP 200]
PASS  Image asset served: chamber_summit.webp  [HTTP 200]
PASS  Image asset served: about.webp  [HTTP 200]
PASS  Image asset served: social.webp  [HTTP 200]
PASS  Video asset served: video/opening.mp4  [HTTP 200]
PASS  Video asset served: video/opening.webm  [HTTP 200]
PASS  Video asset served: video/poster.jpg  [HTTP 200]
PASS  Audio decodes: music_opening  [32s, 0 bytes]
PASS  Audio decodes: music_map  [40s, 0 bytes]
PASS  Audio decodes: music_focus  [36s, 0 bytes]
PASS  Audio decodes: music_structure  [36s, 0 bytes]
PASS  Audio decodes: music_tension  [36s, 0 bytes]
PASS  Audio decodes: music_summit  [40s, 0 bytes]
PASS  Audio decodes: music_complete  [12s, 0 bytes]
PASS  Audio decodes: amb_signal  [28s, 0 bytes]
PASS  Audio decodes: amb_forge  [28s, 0 bytes]
PASS  Audio decodes: amb_perspective  [28s, 0 bytes]
PASS  Audio decodes: amb_causal  [28s, 0 bytes]
PASS  Audio decodes: amb_vault  [28s, 0 bytes]
PASS  Audio decodes: amb_summit  [28s, 0 bytes]
PASS  Audio decodes: sfx_select  [0.2s, 0 bytes]
PASS  Audio decodes: sfx_place  [0.3s, 0 bytes]
PASS  Audio decodes: sfx_invalid  [0.3s, 0 bytes]
PASS  Audio decodes: sfx_rotate  [0.3s, 0 bytes]
PASS  Audio decodes: sfx_connect  [0.3s, 0 bytes]
PASS  Audio decodes: sfx_activate  [0.5s, 0 bytes]
PASS  Audio decodes: sfx_reset  [0.4s, 0 bytes]
PASS  Audio decodes: sfx_hint  [0.6s, 0 bytes]
PASS  Audio decodes: sfx_discover  [0.7s, 0 bytes]
PASS  Audio decodes: sfx_complete  [1.2s, 0 bytes]
PASS  Audio decodes: sfx_unlock  [0.8s, 0 bytes]
PASS  Audio decodes: sfx_rule_change  [1s, 0 bytes]
PASS  Audio decodes: sfx_achievement  [0.9s, 0 bytes]
PASS  Audio decodes: sfx_final  [2.6s, 0 bytes]
PASS  Cinematic video present
PASS  Cinematic video plays (autoplay muted)  [{"present":true,"readyState":4,"currentTime":1.500979,"paused":false,"error":null,"muted":true}]
PASS  Cinematic video starts muted (no sound before choice)
PASS  Reduced motion replaces video with still alternative  [{"reduced":true,"video":false,"poster":true,"transcript":true}]
PASS  Missing asset request resolves without page failure  [HTTP 200, state complete]
PASS  No console errors during media verification

46/46 media checks passed
